{
    "status": "ok",
    "data": {
        "nodes": [
            {
                "id": {
                    "package": "org.extendj.callgraph",
                    "class": "Override",
                    "method": "main(String[])"
                },
                "type": "void",
                "path": "testfiles/Override.java",
                "line": 6,
                "params": [
                    {
                        "id": "args",
                        "type": "String[]"
                    }
                ],
                "kind": "entry-point",
                "visibility": "static"
            },
            {
                "id": {
                    "package": "org.extendj.callgraph",
                    "class": "Root",
                    "method": "Root()"
                },
                "type": "",
                "path": "testfiles/Override.java",
                "line": 0,
                "params": [],
                "kind": "constructor",
                "visibility": "public"
            },
            {
                "id": {
                    "package": "java.lang",
                    "class": "Object",
                    "method": "<init>()"
                },
                "type": "",
                "path": "jrt:/java.base/java/lang/Object.class",
                "line": 0,
                "params": [],
                "kind": "constructor",
                "visibility": "public"
            },
            {
                "id": {
                    "package": "org.extendj.callgraph",
                    "class": "Root",
                    "method": "a1()"
                },
                "type": "void",
                "path": "testfiles/Override.java",
                "line": 13,
                "params": [],
                "kind": "method",
                "visibility": "public"
            },
            {
                "id": {
                    "package": "org.extendj.callgraph",
                    "class": "Root",
                    "method": "a2()"
                },
                "type": "void",
                "path": "testfiles/Override.java",
                "line": 14,
                "params": [],
                "kind": "method",
                "visibility": "public"
            },
            {
                "id": {
                    "package": "org.extendj.callgraph",
                    "class": "B",
                    "method": "a1()"
                },
                "type": "void",
                "path": "testfiles/Override.java",
                "line": 18,
                "params": [],
                "kind": "method",
                "visibility": "public"
            }
        ],
        "edges": [
            {
                "source": {
                    "package": "org.extendj.callgraph",
                    "class": "Override",
                    "method": "main(String[])"
                },
                "target": {
                    "package": "org.extendj.callgraph",
                    "class": "Root",
                    "method": "Root()"
                }
            },
            {
                "source": {
                    "package": "org.extendj.callgraph",
                    "class": "Override",
                    "method": "main(String[])"
                },
                "target": {
                    "package": "org.extendj.callgraph",
                    "class": "Root",
                    "method": "a1()"
                }
            },
            {
                "source": {
                    "package": "org.extendj.callgraph",
                    "class": "Override",
                    "method": "main(String[])"
                },
                "target": {
                    "package": "org.extendj.callgraph",
                    "class": "B",
                    "method": "a1()"
                }
            },
            {
                "source": {
                    "package": "org.extendj.callgraph",
                    "class": "Root",
                    "method": "Root()"
                },
                "target": {
                    "package": "java.lang",
                    "class": "Object",
                    "method": "<init>()"
                }
            },
            {
                "source": {
                    "package": "org.extendj.callgraph",
                    "class": "Root",
                    "method": "a1()"
                },
                "target": {
                    "package": "org.extendj.callgraph",
                    "class": "Root",
                    "method": "a2()"
                }
            }
        ]
    }
}