{
    "status": "ok",
    "data": {
        "nodes": [
            {
                "id": {
                    "package": "org.extendj.callgraph",
                    "class": "TwoComponents",
                    "method": "foo()"
                },
                "type": "void",
                "path": "testfiles/TwoComponents.java",
                "line": 7,
                "params": [],
                "kind": "entry-point",
                "visibility": "public"
            },
            {
                "id": {
                    "package": "org.extendj.callgraph",
                    "class": "TwoComponents",
                    "method": "bar()"
                },
                "type": "void",
                "path": "testfiles/TwoComponents.java",
                "line": 9,
                "params": [],
                "kind": "method",
                "visibility": "public"
            },
            {
                "id": {
                    "package": "org.extendj.callgraph",
                    "class": "TwoComponents",
                    "method": "baz()"
                },
                "type": "void",
                "path": "testfiles/TwoComponents.java",
                "line": 14,
                "params": [],
                "kind": "method",
                "visibility": "public"
            },
            {
                "id": {
                    "package": "org.extendj.callgraph",
                    "class": "TwoComponents",
                    "method": "zzz()"
                },
                "type": "void",
                "path": "testfiles/TwoComponents.java",
                "line": 15,
                "params": [],
                "kind": "method",
                "visibility": "public"
            }
        ],
        "edges": [
            {
                "source": {
                    "package": "org.extendj.callgraph",
                    "class": "TwoComponents",
                    "method": "foo()"
                },
                "target": {
                    "package": "org.extendj.callgraph",
                    "class": "TwoComponents",
                    "method": "bar()"
                }
            },
            {
                "source": {
                    "package": "org.extendj.callgraph",
                    "class": "TwoComponents",
                    "method": "bar()"
                },
                "target": {
                    "package": "org.extendj.callgraph",
                    "class": "TwoComponents",
                    "method": "foo()"
                }
            },
            {
                "source": {
                    "package": "org.extendj.callgraph",
                    "class": "TwoComponents",
                    "method": "bar()"
                },
                "target": {
                    "package": "org.extendj.callgraph",
                    "class": "TwoComponents",
                    "method": "baz()"
                }
            },
            {
                "source": {
                    "package": "org.extendj.callgraph",
                    "class": "TwoComponents",
                    "method": "baz()"
                },
                "target": {
                    "package": "org.extendj.callgraph",
                    "class": "TwoComponents",
                    "method": "zzz()"
                }
            },
            {
                "source": {
                    "package": "org.extendj.callgraph",
                    "class": "TwoComponents",
                    "method": "zzz()"
                },
                "target": {
                    "package": "org.extendj.callgraph",
                    "class": "TwoComponents",
                    "method": "baz()"
                }
            }
        ]
    }
}